----------------------------------------
This Node can only connect to the Internet via SoftBank Proxy Server.
The default proxy settings are set in an environment variable by the system administrator.
If you want to disable the proxy settings, do one or both of the following.
  1) Execute the following command to unset the current environment variable setting for proxy.
     source ~/sbai-env-script/unset-proxy.sh
  2) Add the following command line to the user profile(~/.bashrc or ~/.zshrc) to automatically unset the environment variable setting for proxy.
     unset http_proxy https_proxy no_proxy HTTP_PROXY HTTPS_PROXY NO_PROXY

Notes: Slurm jobs inherit the environment variables at the time of execution by default.
----------------------------------------

Last login: Wed Jul 30 17:01:45 2025 from 10.120.160.252
user21006@srpv01502:~$ 
user21006@srpv01502:~$ user21006@srpv01502:~$ user21006@srpv01502:~$ user21006@srpv01502:~$ user21006@srpv01502:~$ user21006@srpv01502:~$ user21006@srpv01502:~$ user21006@srpv01502:~$ user21006@srpv01502:~$ user21006@srpv01502:~$ ls ls -l /store/.sysonly_okeFBsTh/lustre/teams/text_embeddings/experiments/model_merge/sarashina2.2-1B/test_merge_PROTO_sarashina2.2-1B__multistage_20250610_stg1_v1__stg2_base1_gecko_all_forbes_cl_classsification_base2_gecko_ruri-v3-ft_jsnli_nq_nu-mnli_mr-tydi
ls -l /store/.sysonly_okeFBsTh/lustre/teams/text_embeddings/experiments/model_merge/sarashina2.2-1B/test_merge_PROTO_sarashina2.2-1B__multistage_20250610_stg1_v1__stg2_base1_gecko_all_forbes_cl_classsification_base2_gecko_ruri-v3-ft_jsnli_nq_nu-mnli_mr-tydi

total 4789791
drwxr-xr-x 2 user02998 group002          0 Jun 17 14:38 1_Pooling
-rw-r--r-- 1 user02998 group002        669 Jun 17 14:38 config.json
-rw-r--r-- 1 user02998 group002        205 Jun 17 14:38 config_sentence_transformers.json
-rw-r--r-- 1 user02998 group002        544 Jun 17 14:38 merge_config.json
-rw-r--r-- 1 user02998 group002 4896176272 Jun 17 14:38 model.safetensors
-rw-r--r-- 1 user02998 group002        229 Jun 17 14:36 modules.json
-rw-r--r-- 1 user02998 group002       3715 Jun 17 14:38 README.md
-rw-r--r-- 1 user02998 group002         53 Jun 17 14:38 sentence_bert_config.json
-rw-r--r-- 1 user02998 group002        968 Jun 17 14:38 special_tokens_map.json
-rw-r--r-- 1 user02998 group002       3778 Jun 17 14:38 tokenizer_config.json
-rw-r--r-- 1 user02998 group002    6724445 Jun 17 14:38 tokenizer.json
-rw-r--r-- 1 user02998 group002    1831879 Jun 17 14:38 tokenizer.model
user21006@srpv01502:~$ 
user21006@srpv01502:~$ 
user21006@srpv01502:~$ ls -ld /store/.sysonly_okeFBsTh/lustre/teams/text_embeddings/experiments/model_merge/sarashina2.2-1B/test_merge_PROTO_sarashina2.2-1B__multistage_20250610_stg1_v1__stg2_base1_gecko_all_forbes_cl_classsification_base2_gecko_ruri-v3-ft_jsnli_nq_nu-mnli_mr-tydi
ls -ld /store/.sysonly_okeFBsTh/lustre/teams/text_embeddings/experiments/model_merge/sarashina2.2-1B/test_merge_PROTO_sarashina2.2-1B__multistage_20250610_stg1_v1__stg2_base1_gecko_all_forbes_cl_classsification_base2_gecko_ruri-v3-ft_jsnli_nq_nu-mnli_mr-tydi

drwxr-xr-x 3 user02998 group002 0 Jun 17 14:38 /store/.sysonly_okeFBsTh/lustre/teams/text_embeddings/experiments/model_merge/sarashina2.2-1B/test_merge_PROTO_sarashina2.2-1B__multistage_20250610_stg1_v1__stg2_base1_gecko_all_forbes_cl_classsification_base2_gecko_ruri-v3-ft_jsnli_nq_nu-mnli_mr-tydi
user21006@srpv01502:~$ ls -ld /lustre/teams/text_embeddings/experiments/model_merge/sarashina2.2-1B/test_merge_PROTO_sarashina2.2-1B__multistage_20250610_stg1_v1__stg2_base1_gecko_all_forbes_cl_classsification_base2_gecko_ruri-v3-ft_jsnli_nq_nu-mnli_mr-tydi
ls -ld /lustre/teams/text_embeddings/experiments/model_merge/sarashina2.2-1B/test_merge_PROTO_sarashina2.2-1B__multistage_20250610_stg1_v1__stg2_base1_gecko_all_forbes_cl_classsification_base2_gecko_ruri-v3-ft_jsnli_nq_nu-mnli_mr-tydi

ls: cannot access '/lustre/teams/text_embeddings/experiments/model_merge/sarashina2.2-1B/test_merge_PROTO_sarashina2.2-1B__multistage_20250610_stg1_v1__stg2_base1_gecko_all_forbes_cl_classsification_base2_gecko_ruri-v3-ft_jsnli_nq_nu-mnli_mr-tydi': No such file or directory
user21006@srpv01502:~$ 
user21006@srpv01502:~$ 
user21006@srpv01502:~$ cp -a /store/.sysonly_okeFBsTh/lustre/teams/text_embeddings/experiments/model_merge/sarashina2.2-1B/test_merge_PROTO_sarashina2.2-1B__multistage_20250610_stg1_v1__stg2_base1_gecko_all_forbes_cl_classsification_base2_gecko_ruri-v3-ft_jsnli_nq_nu-mnli_mr-tydi /lustre/teams/text_embeddings/experiments/model_merge/sarashina2.2-1B/test_merge_PROTO_sarashina2.2-1B__multistage_20250610_stg1_v1__stg2_base1_gecko_all_forbes_cl_classsification_base2_gecko_ruri-v3-ft_jsnli_nq_nu-mnli_mr-tydi
cp -a /store/.sysonly_okeFBsTh/lustre/teams/text_embeddings/experiments/model_merge/sarashina2.2-1B/test_merge_PROTO_sarashina2.2-1B__multistage_20250610_stg1_v1__stg2_base1_gecko_all_forbes_cl_classsification_base2_gecko_ruri-v3-ft_jsnli_nq_nu-mnli_mr-tydi /lustre/teams/text_embeddings/experiments/model_merge/sarashina2.2-1B/test_merge_PROTO_sarashina2.2-1B__multistage_20250610_stg1_v1__stg2_base1_gecko_all_forbes_cl_classsification_base2_gecko_ruri-v3-ft_jsnli_nq_nu-mnli_mr-tydi

cp: cannot create directory '/lustre/teams/text_embeddings/experiments/model_merge/sarashina2.2-1B/test_merge_PROTO_sarashina2.2-1B__multistage_20250610_stg1_v1__stg2_base1_gecko_all_forbes_cl_classsification_base2_gecko_ruri-v3-ft_jsnli_nq_nu-mnli_mr-tydi': No such file or directory
user21006@srpv01502:~$ 
user21006@srpv01502:~$ 
user21006@srpv01502:~$ mkdir -R /lustre/teams/text_embeddings/experiments/model_merge/sarashina2.2-1B/test_merge_PROTO_sarashina2.2-1B__multistage_20250610_stg1_v1__stg2_base1_gecko_all_forbes_cl_classsification_base2_gecko_ruri-v3-ft_jsnli_nq_nu-mnli_mr-tydi
mkdir -R /lustre/teams/text_embeddings/experiments/model_merge/sarashina2.2-1B/test_merge_PROTO_sarashina2.2-1B__multistage_20250610_stg1_v1__stg2_base1_gecko_all_forbes_cl_classsification_base2_gecko_ruri-v3-ft_jsnli_nq_nu-mnli_mr-tydi

mkdir: invalid option -- 'R'
Try 'mkdir --help' for more information.
user21006@srpv01502:~$ mkdir -r /lustre/teams/text_embeddings/experiments/model_merge/sarashina2.2-1B/test_merge_PROTO_sarashina2.2-1B__multistage_20250610_stg1_v1__stg2_base1_gecko_all_forbes_cl_classsification_base2_gecko_ruri-v3-ft_jsnli_nq_nu-mnli_mr-tydi
mkdir -r /lustre/teams/text_embeddings/experiments/model_merge/sarashina2.2-1B/test_merge_PROTO_sarashina2.2-1B__multistage_20250610_stg1_v1__stg2_base1_gecko_all_forbes_cl_classsification_base2_gecko_ruri-v3-ft_jsnli_nq_nu-mnli_mr-tydi

mkdir: invalid option -- 'r'
Try 'mkdir --help' for more information.
user21006@srpv01502:~$ man mkdir
MKDIR(1)                                                         User Commands                                                         MKDIR(1)

NAME
       mkdir - make directories

SYNOPSIS
       mkdir [OPTION]... DIRECTORY...

DESCRIPTION
       Create the DIRECTORY(ies), if they do not already exist.

       Mandatory arguments to long options are mandatory for short options too.

       -m, --mode=MODE
              set file mode (as in chmod), not a=rwx - umask

       -p, --parents
              no error if existing, make parent directories as needed

       -v, --verbose
              print a message for each created directory

       -Z     set SELinux security context of each created directory to the default type

       --context[=CTX]
              like -Z, or if CTX is specified then set the SELinux or SMACK security context to CTX

       --help display this help and exit

       --version
              output version information and exit

AUTHOR
       Written by David MacKenzie.

REPORTING BUGS
       GNU coreutils online help: <https://www.gnu.org/software/coreutils/>
       Report any translation bugs to <https://translationproject.org/team/>

COPYRIGHT
       Copyright © 2020 Free Software Foundation, Inc.  License GPLv3+: GNU GPL version 3 or later <https://gnu.org/licenses/gpl.html>.
       This is free software: you are free to change and redistribute it.  There is NO WARRANTY, to the extent permitted by law.

SEE ALSO
       mkdir(2)
 Manual page mkdir(1) line 1 (press h for help or q to quit) ESCESCOOBB
 Manual page mkdir(1) line 2 (press h for help or q to quit) ESCESCOOBB       Full documentation <https://www.gnu.org/software/coreutils/mkdir>
 Manual page mkdir(1) line 3 (press h for help or q to quit) ESCESCOOBB       or available locally via: info '(coreutils) mkdir invocation'
 Manual page mkdir(1) line 4 (press h for help or q to quit) ESCESCOOBB
 Manual page mkdir(1) line 5 (press h for help or q to quit) ESCESCOOBBGNU coreutils 8.32                                               February 2022                                                         MKDIR(1)
 Manual page mkdir(1) line 6 (press h for help or q to quit) ESCESCOOBB Manual page mkdir(1) line 6/50 (END) (press h for help or q to quit) ESCESCOOBB Manual page mkdir(1) line 6/50 (END) (press h for help or q to quit) ESCESCOOBB Manual page mkdir(1) line 6/50 (END) (press h for help or q to quit) ESCESCOOBB Manual page mkdir(1) line 6/50 (END) (press h for help or q to quit) ESCESCOOBB Manual page mkdir(1) line 6/50 (END) (press h for help or q to quit) ESCESCOOBB Manual page mkdir(1) line 6/50 (END) (press h for help or q to quit) ESCESCOOBB Manual page mkdir(1) line 6/50 (END) (press h for help or q to quit) ESCESCOOAA
 Manual page mkdir(1) line 5/50 93% (press h for help or q to quit) ESCESCOOAA       mkdir - make directories
 Manual page mkdir(1) line 4/50 93% (press h for help or q to quit) ESCESCOOAANAME
 Manual page mkdir(1) line 3/50 90% (press h for help or q to quit) ESCESCOOAA
 Manual page mkdir(1) line 2/50 86% (press h for help or q to quit) ESCESCOOAAMKDIR(1)                                                         User Commands                                                         MKDIR(1)
 Manual page mkdir(1) line 1/50 86% (press h for help or q to quit) ESCESCOOAA Manual page mkdir(1) line 1/50 86% (press h for help or q to quit)user21006@srpv01502:~$ 
user21006@srpv01502:~$ 
user21006@srpv01502:~$ mkdir -p /lustre/teams/text_embeddings/experiments/model_merge/sarashina2.2-1B/test_merge_PROTO_sarashina2.2-1B__multistage_20250610_stg1_v1__stg2_base1_gecko_all_forbes_cl_classsification_base2_gecko_ruri-v3-ft_jsnli_nq_nu-mnli_mr-tydi
mkdir -p /lustre/teams/text_embeddings/experiments/model_merge/sarashina2.2-1B/test_merge_PROTO_sarashina2.2-1B__multistage_20250610_stg1_v1__stg2_base1_gecko_all_forbes_cl_classsification_base2_gecko_ruri-v3-ft_jsnli_nq_nu-mnli_mr-tydi

user21006@srpv01502:~$ 
user21006@srpv01502:~$ 
user21006@srpv01502:~$ 
user21006@srpv01502:~$ ls -ld /lustre/teams/text_embeddings/experiments/model_merge/sarashina2.2-1B/test_merge_PROTO_sarashina2.2-1B__multistage_20250610_stg1_v1__stg2_base1_gecko_all_forbes_cl_classsification_base2_gecko_ruri-v3-ft_jsnli_nq_nu-mnli_mr-tydi
ls -ld /lustre/teams/text_embeddings/experiments/model_merge/sarashina2.2-1B/test_merge_PROTO_sarashina2.2-1B__multistage_20250610_stg1_v1__stg2_base1_gecko_all_forbes_cl_classsification_base2_gecko_ruri-v3-ft_jsnli_nq_nu-mnli_mr-tydi

drwxrwx--- 2 user21006 group021 4096 Jul 30 17:09 /lustre/teams/text_embeddings/experiments/model_merge/sarashina2.2-1B/test_merge_PROTO_sarashina2.2-1B__multistage_20250610_stg1_v1__stg2_base1_gecko_all_forbes_cl_classsification_base2_gecko_ruri-v3-ft_jsnli_nq_nu-mnli_mr-tydi
user21006@srpv01502:~$ 
user21006@srpv01502:~$ 
user21006@srpv01502:~$ 
user21006@srpv01502:~$ cp -a /store/.sysonly_okeFBsTh/lustre/teams/text_embeddings/experiments/model_merge/sarashina2.2-1B/test_merge_PROTO_sarashina2.2-1B__multistage_20250610_stg1_v1__stg2_base1_gecko_all_forbes_cl_classsification_base2_gecko_ruri-v3-ft_jsnli_nq_nu-mnli_mr-tydi /lustre/teams/text_embeddings/experiments/model_merge/sarashina2.2-1B/test_merge_PROTO_sarashina2.2-1B__multistage_20250610_stg1_v1__stg2_base1_gecko_all_forbes_cl_classsification_base2_gecko_ruri-v3-ft_jsnli_nq_nu-mnli_mr-tydi
cp -a /store/.sysonly_okeFBsTh/lustre/teams/text_embeddings/experiments/model_merge/sarashina2.2-1B/test_merge_PROTO_sarashina2.2-1B__multistage_20250610_stg1_v1__stg2_base1_gecko_all_forbes_cl_classsification_base2_gecko_ruri-v3-ft_jsnli_nq_nu-mnli_mr-tydi /lustre/teams/text_embeddings/experiments/model_merge/sarashina2.2-1B/test_merge_PROTO_sarashina2.2-1B__multistage_20250610_stg1_v1__stg2_base1_gecko_all_forbes_cl_classsification_base2_gecko_ruri-v3-ft_jsnli_nq_nu-mnli_mr-tydi

user21006@srpv01502:~$ 
user21006@srpv01502:~$ 
user21006@srpv01502:~$ time -help-help
Command '-help' not found, did you mean:
  command 'dhelp' from deb dhelp (0.6.27)
Try: apt install <deb name>

real	0m0.271s
user	0m0.043s
sys	0m0.033s
user21006@srpv01502:~$ time find /lustre/share/sbint_models/finetuned/release/sbint-2025-07-14/sbint-2025-07-14-70b-sft/ -type f -exec md5sum {} \; | sort -k 2 | md5sumuser21006@srpv01502:~$ find /lustre/share/sbint_models/finetuned/release/sbint-2025-07-14/sbint-2025-07-14-70b-sft/ -type f -exec md5sum {} \; | sort -k 2 | md5su
find /lustre/teams/text_embeddings/experiments/model_merge/sarashina2.2-1B/test_merge_PROTO_sarashina2.2-1B__multistage_20250610_stg1_v1__stg2_base1_gecko_all_forbes_cl_classsification_base2_gecko_ruri-v3-ft_jsnli_nq_nu-mnli_mr-tydi -type f -exec md5sum {} \; | sort -k 2 | md5sum
find /lustre/teams/text_embeddings/experiments/model_merge/sarashina2.2-1B/test_merge_PROTO_sarashina2.2-1B__multistage_20250610_stg1_v1__stg2_base1_gecko_all_forbes_cl_classsification_base2_gecko_ruri-v3-ft_jsnli_nq_nu-mnli_mr-tydi -type f -exec md5sum {} \; | sort -k 2 | md5sum

99724bbe2526b7a44f04730a5c1bd746  -

real	0m17.846s
user	0m7.351s
sys	0m2.356s
user21006@srpv01502:~$ find /lustre/teams/text_embeddings/experiments/model_merge/sarashina2.2-1B/test_merge_PROTO_sarashina2.2-1B__multistage_20250610_stg1_v1__stg2_base1_gecko_all_forbes_cl_classsification_base2_gecko_ruri-v3-ft_jsnli_nq_nu-mnli_mr-tydi -type f -exec md5sum {} \; | sort -k 2 | md5sum
find /lustre/teams/text_embeddings/experiments/model_merge/sarashina2.2-1B/test_merge_PROTO_sarashina2.2-1B__multistage_20250610_stg1_v1__stg2_base1_gecko_all_forbes_cl_classsification_base2_gecko_ruri-v3-ft_jsnli_nq_nu-mnli_mr-tydi -type f -exec md5sum {} \; | sort -k 2 | md5sum

99724bbe2526b7a44f04730a5c1bd746  -
user21006@srpv01502:~$ 
user21006@srpv01502:~$ 
user21006@srpv01502:~$ find /store/.sysonly_okeFBsTh/lustre/teams/text_embeddings/experiments/model_merge/sarashina2.2-1B/test_merge_PROTO_sarashina2.2-1B__multistage_20250610_stg1_v1__stg2_base1_gecko_all_forbes_cl_classsification_base2_gecko_ruri-v3-ft_jsnli_nq_nu-mnli_mr-tydi -type f -exec md5sum {} \; | sort -k 2 | md5sumfind /store/.sysonly_okeFBsTh/lustre/teams/text_embeddings/experiments/model_merge/sarashina2.2-1B/test_merge_PROTO_sarashina2.2-1B__multistage_20250610_stg1_v1__stg2_base1_gecko_all_forbes_cl_classsification_base2_gecko_ruri-v3-ft_jsnli_nq_nu-mnli_mr-tydi -type f -exec md5sum {} \; | sort -k 2 | md5sum
fb72ed78346acd5dcde6601c21d7e4e0  -
user21006@srpv01502:~$ 
user21006@srpv01502:~$ 
user21006@srpv01502:~$ 
user21006@srpv01502:~$ ls -l /lustre/teams/text_embeddings/experiments/model_merge/sarashina2.2-1B/test_merge_PROTO_sarashina2.2-1B__multistage_20250610_stg1_v1__stg2_base1_gecko_all_forbes_cl_classsification_base2_gecko_ruri-v3-ft_jsnli_nq_nu-mnli_mr-tydi
ls -l /lustre/teams/text_embeddings/experiments/model_merge/sarashina2.2-1B/test_merge_PROTO_sarashina2.2-1B__multistage_20250610_stg1_v1__stg2_base1_gecko_all_forbes_cl_classsification_base2_gecko_ruri-v3-ft_jsnli_nq_nu-mnli_mr-tydi

total 4
drwxr-xr-x 3 user21006 group021 4096 Jun 17 14:38 test_merge_PROTO_sarashina2.2-1B__multistage_20250610_stg1_v1__stg2_base1_gecko_all_forbes_cl_classsification_base2_gecko_ruri-v3-ft_jsnli_nq_nu-mnli_mr-tydi
user21006@srpv01502:~$ ls -l /lustre/teams/text_embeddings/experiments/model_merge/sarashina2.2-1B/test_merge_PROTO_sarashina2.2-1B__multistage_20250610_stg1_v1__stg2_base1_gecko_all_forbes_cl_classsification_base2_gecko_ruri-v3-ft_jsnli_nq_nu-mnli_mr-tydi/
total 4
drwxr-xr-x 3 user21006 group021 4096 Jun 17 14:38 test_merge_PROTO_sarashina2.2-1B__multistage_20250610_stg1_v1__stg2_base1_gecko_all_forbes_cl_classsification_base2_gecko_ruri-v3-ft_jsnli_nq_nu-mnli_mr-tydi
user21006@srpv01502:~$ 
user21006@srpv01502:~$ 
user21006@srpv01502:~$ 
user21006@srpv01502:~$ rm -r /lustre/teams/text_embeddings/experiments/model_merge/sarashina2.2-1B/test_merge_PROTO_sarashina2.2-1B__multistage_20250610_stg1_v1__stg2_base1_gecko_all_forbes_cl_classsification_base2_gecko_ruri-v3-ft_jsnli_nq_nu-mnli_mr-tydi
rm -r /lustre/teams/text_embeddings/experiments/model_merge/sarashina2.2-1B/test_merge_PROTO_sarashina2.2-1B__multistage_20250610_stg1_v1__stg2_base1_gecko_all_forbes_cl_classsification_base2_gecko_ruri-v3-ft_jsnli_nq_nu-mnli_mr-tydi

user21006@srpv01502:~$ 
user21006@srpv01502:~$ 
user21006@srpv01502:~$ lsrm -r /lustre/teams/text_embeddings/experiments/model_merge/sarashina2.2-1B/test_merge_PROTO_sarashina2.2-1B__multistage_20250610_stg1_v1__stg2_base1_gecko_all_forbes_cl_classsification_base2_gecko_ruri-v3-ft_jsnli_nq_nu-mnli_mr-tydils -l
/
ls: cannot access '/lustre/teams/text_embeddings/experiments/model_merge/sarashina2.2-1B/test_merge_PROTO_sarashina2.2-1B__multistage_20250610_stg1_v1__stg2_base1_gecko_all_forbes_cl_classsification_base2_gecko_ruri-v3-ft_jsnli_nq_nu-mnli_mr-tydi': No such file or directory
user21006@srpv01502:~$ ls -l /lustre/teams/text_embeddings/experiments/model_merge/sarashina2.2-1B/test_merge_PROTO_sarashina2.2-1B__multistage_20250610_stg1_v1__stg2_base1_gecko_all_forbes_cl_classsification_base2_gecko_ruri-v3-ft_jsnli_nq_nu-mnli_mr-tydirm -r
ls -l
/

total 0
user21006@srpv01502:~$ ls -l /lustre/teams/text_embeddings/experiments/model_merge/sarashina2.2-1B/test_merge_PROTO_sarashina2.2-1B__multistage_20250610_stg1_v1__stg2_base1_gecko_all_forbes_cl_classsification_base2_gecko_ruri-v3-ft_jsnli_nq_nu-mnli_mr-tydirm -r
ls -l
//rm -r
ls -l


user21006@srpv01502:~$ 
user21006@srpv01502:~$ 
user21006@srpv01502:~$ mkdir -p /lustre/teams/text_embeddings/experiments/model_merge/sarashina2.2-1B/test_merge_PROTO_sarashina2.2-1B__multistage_20250610_stg1_v1__stg2_base1_gecko_all_forbes_cl_classsification_base2_gecko_ruri-v3-ft_jsnli_nq_nu-mnli_mr-tydi
mkdir -p /lustre/teams/text_embeddings/experiments/model_merge/sarashina2.2-1B/test_merge_PROTO_sarashina2.2-1B__multistage_20250610_stg1_v1__stg2_base1_gecko_all_forbes_cl_classsification_base2_gecko_ruri-v3-ft_jsnli_nq_nu-mnli_mr-tydi

user21006@srpv01502:~$ mkdir -p /lustre/teams/text_embeddings/experiments/model_merge/sarashina2.2-1B/test_merge_PROTO_sarashina2.2-1B__multistage_20250610_stg1_v1__stg2_base1_gecko_all_forbes_cl_classsification_base2_gecko_ruri-v3-ft_jsnli_nq_nu-mnli_mr-tydils -l /lustre/teams/text_embeddings/experiments/model_merge/sarashina2.2-1B/

total 4
drwxrwx--- 2 user21006 group021 4096 Jul 30 17:40 test_merge_PROTO_sarashina2.2-1B__multistage_20250610_stg1_v1__stg2_base1_gecko_all_forbes_cl_classsification_base2_gecko_ruri-v3-ft_jsnli_nq_nu-mnli_mr-tydi
user21006@srpv01502:~$ ls -l /lustre/teams/text_embeddings/experiments/model_merge/sarashina2.2-1B/test_merge_PROTO_sarashina2.2-1B__multistage_20250610_stg1_v1__stg2_base1_gecko_all_forbes_cl_classsification_base2_gecko_ruri-v3-ft_jsnli_nq_nu-mnli_mr-tydi/
total 0
user21006@srpv01502:~$ 
user21006@srpv01502:~$ 
user21006@srpv01502:~$ cp -r /store/.sysonly_okeFBsTh/lustre/teams/text_embeddings/experiments/model_merge/sarashina2.2-1B/test_merge_PROTO_sarashina2.2-1B__multistage_20250610_stg1_v1__stg2_base1_gecko_all_forbes_cl_classsification_base2_gecko_ruri-v3-ft_jsnli_nq_nu-mnli_mr-tydi /lustre/teams/text_embeddings/experiments/model_merge/sarashina2.2-1B/test_merge_PROTO_sarashina2.2-1B__multistage_20250610_stg1_v1__stg2_base1_gecko_all_forbes_cl_classsification_base2_gecko_ruri-v3-ft_jsnli_nq_nu-mnli_mr-tydi
cp -r /store/.sysonly_okeFBsTh/lustre/teams/text_embeddings/experiments/model_merge/sarashina2.2-1B/test_merge_PROTO_sarashina2.2-1B__multistage_20250610_stg1_v1__stg2_base1_gecko_all_forbes_cl_classsification_base2_gecko_ruri-v3-ft_jsnli_nq_nu-mnli_mr-tydi /lustre/teams/text_embeddings/experiments/model_merge/sarashina2.2-1B/test_merge_PROTO_sarashina2.2-1B__multistage_20250610_stg1_v1__stg2_base1_gecko_all_forbes_cl_classsification_base2_gecko_ruri-v3-ft_jsnli_nq_nu-mnli_mr-tydi

user21006@srpv01502:~$ 
user21006@srpv01502:~$ 
user21006@srpv01502:~$ cp -r /store/.sysonly_okeFBsTh/lustre/teams/text_embeddings/experiments/model_merge/sarashina2.2-1B/test_merge_PROTO_sarashina2.2-1B__multistage_20250610_stg1_v1__stg2_base1_gecko_all_forbes_cl_classsification_base2_gecko_ruri-v3-ft_jsnli_nq_nu-mnli_mr-tydi /lustre/teams/text_embeddings/experiments/model_merge/sarashina2.2-1B/test_merge_PROTO_sarashina2.2-1B__multistage_20250610_stg1_v1__stg2_base1_gecko_all_forbes_cl_classsification_base2_gecko_ruri-v3-ft_jsnli_nq_nu-mnli_mr-tydils -l /lustre/teams/text_embeddings/experiments/model_merge/sarashina2.2-1B/test_merge_PROTO_sarashina2.2-1B__multistage_20250610_stg1_v1__stg2_base1_gecko_all_forbes_cl_classsification_base2_gecko_ruri-v3-ft_jsnli_nq_nu-mnli_mr-tydi/


total 4
drwxr-x--- 3 user21006 group021 4096 Jul 30 17:41 test_merge_PROTO_sarashina2.2-1B__multistage_20250610_stg1_v1__stg2_base1_gecko_all_forbes_cl_classsification_base2_gecko_ruri-v3-ft_jsnli_nq_nu-mnli_mr-tydi
user21006@srpv01502:~$ 
user21006@srpv01502:~$ 
user21006@srpv01502:~$ find /lustre/teams/text_embeddings/experiments/model_merge/sarashina2.2-1B/test_merge_PROTO_sarashina2.2-1B__multistage_20250610_stg1_v1__stg2_base1_gecko_all_forbes_cl_classsification_base2_gecko_ruri-v3-ft_jsnli_nq_nu-mnli_mr-tydi -type f -exec md5sum {} \; | sort -k 2 | md5sum
find /lustre/teams/text_embeddings/experiments/model_merge/sarashina2.2-1B/test_merge_PROTO_sarashina2.2-1B__multistage_20250610_stg1_v1__stg2_base1_gecko_all_forbes_cl_classsification_base2_gecko_ruri-v3-ft_jsnli_nq_nu-mnli_mr-tydi -type f -exec md5sum {} \; | sort -k 2 | md5sum

99724bbe2526b7a44f04730a5c1bd746  -
user21006@srpv01502:~$ find /lustre/teams/text_embeddings/experiments/model_merge/sarashina2.2-1B/test_merge_PROTO_sarashina2.2-1B__multistage_20250610_stg1_v1__stg2_base1_gecko_all_forbes_cl_classsification_base2_gecko_ruri-v3-ft_jsnli_nq_nu-mnli_mr-tydi -type f -exec md5sum {} \; | sort -k 2 | md5sumuser21006@srpv01502:~$ ls -l /lustre/teams/text_embeddings/experiments/model_merge/sarashina2.2-1B/test_merge_PROTO_sarashina2.2-1B__multistage_20250610_stg1_v1__stg2_base1_gecko_all_forbes_cl_classsification_base2_gecko_ruri-v3-ft_jsnli_nq_nu-mnli_mr-tydi/
find /lustre/teams/text_embeddings/experiments/model_merge/sarashina2.2-1B/test_merge_PROTO_sarashina2.2-1B__multistage_20250610_stg1_v1__stg2_base1_gecko_all_forbes_cl_classsification_base2_gecko_ruri-v3-ft_jsnli_nq_nu-mnli_mr-tydi -type f -exec md5sum {} \; | sort -k 2 | md5sumuser21006@srpv01502:~$ 

find /lustre/teams/text_embeddings/experiments/model_merge/sarashina2.2-1B/test_merge_PROTO_sarashina2.2-1B__multistage_20250610_stg1_v1__stg2_base1_gecko_all_forbes_cl_classsification_base2_gecko_ruri-v3-ft_jsnli_nq_nu-mnli_mr-tydi -type f -exec md5sum {} \; | sort -k 2 | md5sumuser21006@srpv01502:~$ 

rm -r /lustre/teams/text_embeddings/experiments/model_merge/sarashina2.2-1B/test_merge_PROTO_sarashina2.2-1B__multistage_20250610_stg1_v1__stg2_base1_gecko_all_forbes_cl_classsification_base2_gecko_ruri-v3-ft_jsnli_nq_nu-mnli_mr-tydi
rm -r /lustre/teams/text_embeddings/experiments/model_merge/sarashina2.2-1B/test_merge_PROTO_sarashina2.2-1B__multistage_20250610_stg1_v1__stg2_base1_gecko_all_forbes_cl_classsification_base2_gecko_ruri-v3-ft_jsnli_nq_nu-mnli_mr-tydi

user21006@srpv01502:~$ 
user21006@srpv01502:~$ 
user21006@srpv01502:~$ rm -r /lustre/teams/text_embeddings/experiments/model_merge/sarashina2.2-1B/test_merge_PROTO_sarashina2.2-1B__multistage_20250610_stg1_v1__stg2_base1_gecko_all_forbes_cl_classsification_base2_gecko_ruri-v3-ft_jsnli_nq_nu-mnli_mr-tydifind /lustre/teams/text_embeddings/experiments/model_merge/sarashina2.2-1B/test_merge_PROTO_sarashina2.2-1B__multistage_20250610_stg1_v1__stg2_base1_gecko_all_forbes_cl_classsification_base2_gecko_ruri-v3-ft_jsnli_nq_nu-mnli_mr-tydi -type f -exec md5sum {} \; | sort -k 2 | md5sumuser21006@srpv01502:~$ ls -l /lustre/teams/text_embeddings/experiments/model_merge/sarashina2.2-1B/test_merge_PROTO_sarashina2.2-1B__multistage_20250610_stg1_v1__stg2_base1_gecko_all_forbes_cl_classsification_base2_gecko_ruri-v3-ft_jsnli_nq_nu-mnli_mr-tydi/

ls: cannot access '/lustre/teams/text_embeddings/experiments/model_merge/sarashina2.2-1B/test_merge_PROTO_sarashina2.2-1B__multistage_20250610_stg1_v1__stg2_base1_gecko_all_forbes_cl_classsification_base2_gecko_ruri-v3-ft_jsnli_nq_nu-mnli_mr-tydi/': No such file or directory
user21006@srpv01502:~$ 
user21006@srpv01502:~$ 
user21006@srpv01502:~$ ls -l /lustre/teams/text_embeddings/experiments/model_merge/sarashina2.2-1B/test_merge_PROTO_sarashina2.2-1B__multistage_20250610_stg1_v1__stg2_base1_gecko_all_forbes_cl_classsification_base2_gecko_ruri-v3-ft_jsnli_nq_nu-mnli_mr-tydi/rm -r
find /lustre/teams/text_embeddings/experiments/model_merge/sarashina2.2-1B/test_merge_PROTO_sarashina2.2-1B__multistage_20250610_stg1_v1__stg2_base1_gecko_all_forbes_cl_classsification_base2_gecko_ruri-v3-ft_jsnli_nq_nu-mnli_mr-tydi -type f -exec md5sum {} \; | sort -k 2 | md5sumuser21006@srpv01502:~$ ls -l /lustre/teams/text_embeddings/experiments/model_merge/sarashina2.2-1B/test_merge_PROTO_sarashina2.2-1B__multistage_20250610_stg1_v1__stg2_base1_gecko_all_forbes_cl_classsification_base2_gecko_ruri-v3-ft_jsnli_nq_nu-mnli_mr-tydi/
cp -r /store/.sysonly_okeFBsTh/lustre/teams/text_embeddings/experiments/model_merge/sarashina2.2-1B/test_merge_PROTO_sarashina2.2-1B__multistage_20250610_stg1_v1__stg2_base1_gecko_all_forbes_cl_classsification_base2_gecko_ruri-v3-ft_jsnli_nq_nu-mnli_mr-tydi /lustre/teams/text_embeddings/experiments/model_merge/sarashina2.2-1B/test_merge_PROTO_sarashina2.2-1B__multistage_20250610_stg1_v1__stg2_base1_gecko_all_forbes_cl_classsification_base2_gecko_ruri-v3-ft_jsnli_nq_nu-mnli_mr-tydils -l /lustre/teams/text_embeddings/experiments/model_merge/sarashina2.2-1B/test_merge_PROTO_sarashina2.2-1B__multistage_20250610_stg1_v1__stg2_base1_gecko_all_forbes_cl_classsification_base2_gecko_ruri-v3-ft_jsnli_nq_nu-mnli_mr-tydi/

find /lustre/teams/text_embeddings/experiments/model_merge/sarashina2.2-1B/test_merge_PROTO_sarashina2.2-1B__multistage_20250610_stg1_v1__stg2_base1_gecko_all_forbes_cl_classsification_base2_gecko_ruri-v3-ft_jsnli_nq_nu-mnli_mr-tydi -type f -exec md5sum {} \; | sort -k 2 | md5sumuser21006@srpv01502:~$ rm -r /lustre/teams/text_embeddings/experiments/model_merge/sarashina2.2-1B/test_merge_PROTO_sarashina2.2-1B__multistage_20250610_stg1_v1__stg2_base1_gecko_all_forbes_cl_classsification_base2_gecko_ruri-v3-ft_jsnli_nq_nu-mnli_mr-tydi
ls -l
/
cp -r /store/.sysonly_okeFBsTh/lustre/teams/text_embeddings/experiments/model_merge/sarashina2.2-1B/test_merge_PROTO_sarashina2.2-1B__multistage_20250610_stg1_v1__stg2_base1_gecko_all_forbes_cl_classsification_base2_gecko_ruri-v3-ft_jsnli_nq_nu-mnli_mr-tydi /lustre/teams/text_embeddings/experiments/model_merge/sarashina2.2-1B/
cp -r /store/.sysonly_okeFBsTh/lustre/teams/text_embeddings/experiments/model_merge/sarashina2.2-1B/test_merge_PROTO_sarashina2.2-1B__multistage_20250610_stg1_v1__stg2_base1_gecko_all_forbes_cl_classsification_base2_gecko_ruri-v3-ft_jsnli_nq_nu-mnli_mr-tydi /lustre/teams/text_embeddings/experiments/model_merge/sarashina2.2-1B/

user21006@srpv01502:~$ 
user21006@srpv01502:~$ 
user21006@srpv01502:~$ 
user21006@srpv01502:~$ cp -r /store/.sysonly_okeFBsTh/lustre/teams/text_embeddings/experiments/model_merge/sarashina2.2-1B/test_merge_PROTO_sarashina2.2-1B__multistage_20250610_stg1_v1__stg2_base1_gecko_all_forbes_cl_classsification_base2_gecko_ruri-v3-ft_jsnli_nq_nu-mnli_mr-tydi /lustre/teams/text_embeddings/experiments/model_merge/sarashina2.2-1B/ls -l /lustre/teams/text_embeddings/experiments/model_merge/sarashina2.2-1B/test_merge_PROTO_sarashina2.2-1B__multistage_20250610_stg1_v1__stg2_base1_gecko_all_forbes_cl_classsification_base2_gecko_ruri-v3-ft_jsnli_nq_nu-mnli_mr-tydi/
rm -r
find /lustre/teams/text_embeddings/experiments/model_merge/sarashina2.2-1B/test_merge_PROTO_sarashina2.2-1B__multistage_20250610_stg1_v1__stg2_base1_gecko_all_forbes_cl_classsification_base2_gecko_ruri-v3-ft_jsnli_nq_nu-mnli_mr-tydi -type f -exec md5sum {} \; | sort -k 2 | md5sum
88f47437c089b2da7eadada41d28976e  -
user21006@srpv01502:~$ 
user21006@srpv01502:~$ 
user21006@srpv01502:~$ exit
logout
